0:0:0:0:0:0:0:1 - - [26/Dec/2025:00:08:20 +0700] "OPTIONS /api/v1/auth/verify HTTP/1.1" 200 - 6770
0:0:0:0:0:0:0:1 - - [26/Dec/2025:00:08:20 +0700] "OPTIONS /api/v1/auth/verify HTTP/1.1" 200 - 6795
0:0:0:0:0:0:0:1 - - [26/Dec/2025:00:08:20 +0700] "OPTIONS /api/v1/auth/verify HTTP/1.1" 200 - 6623
0:0:0:0:0:0:0:1 - - [26/Dec/2025:00:08:20 +0700] "GET /api/v1/auth/verify HTTP/1.1" 200 315 57800
0:0:0:0:0:0:0:1 - - [26/Dec/2025:00:08:20 +0700] "GET /api/v1/auth/verify HTTP/1.1" 200 315 29228
0:0:0:0:0:0:0:1 - - [26/Dec/2025:00:08:20 +0700] "GET /api/v1/auth/verify HTTP/1.1" 200 315 33145
0:0:0:0:0:0:0:1 - - [26/Dec/2025:00:08:20 +0700] "OPTIONS /api/v1/movies/search?page=0&size=7&status=NOW_SHOWING&sort=createdAt,desc HTTP/1.1" 200 - 1024
0:0:0:0:0:0:0:1 - - [26/Dec/2025:00:08:20 +0700] "OPTIONS /api/v1/movies/117 HTTP/1.1" 200 - 2118
0:0:0:0:0:0:0:1 - - [26/Dec/2025:00:08:20 +0700] "OPTIONS /api/v1/regions HTTP/1.1" 200 - 2196
0:0:0:0:0:0:0:1 - - [26/Dec/2025:00:08:20 +0700] "OPTIONS /api/v1/regions HTTP/1.1" 200 - 939
0:0:0:0:0:0:0:1 - - [26/Dec/2025:00:08:20 +0700] "OPTIONS /api/v1/movies/117 HTTP/1.1" 200 - 1287
0:0:0:0:0:0:0:1 - - [26/Dec/2025:00:08:20 +0700] "OPTIONS /api/v1/movies/search?page=0&size=7&status=NOW_SHOWING&sort=createdAt,desc HTTP/1.1" 200 - 1124
0:0:0:0:0:0:0:1 - - [26/Dec/2025:00:08:20 +0700] "GET /api/v1/regions HTTP/1.1" 200 3720 61853
0:0:0:0:0:0:0:1 - - [26/Dec/2025:00:08:20 +0700] "GET /api/v1/regions HTTP/1.1" 200 3720 26117
0:0:0:0:0:0:0:1 - - [26/Dec/2025:00:08:20 +0700] "GET /api/v1/movies/117 HTTP/1.1" 200 1582 90970
0:0:0:0:0:0:0:1 - - [26/Dec/2025:00:08:20 +0700] "GET /api/v1/movies/117 HTTP/1.1" 200 1582 25550
0:0:0:0:0:0:0:1 - - [26/Dec/2025:00:08:21 +0700] "OPTIONS /api/v1/showtime/movie/117/date/2025-12-25?page=0&size=5&cityId=1 HTTP/1.1" 200 - 1742
0:0:0:0:0:0:0:1 - - [26/Dec/2025:00:08:21 +0700] "GET /api/v1/movies/search?page=0&size=7&status=NOW_SHOWING&sort=createdAt,desc HTTP/1.1" 200 4695 160256
0:0:0:0:0:0:0:1 - - [26/Dec/2025:00:08:21 +0700] "GET /api/v1/showtime/movie/117/date/2025-12-25?page=0&size=5&cityId=1 HTTP/1.1" 200 441 47405
0:0:0:0:0:0:0:1 - - [26/Dec/2025:00:08:21 +0700] "GET /api/v1/movies/search?page=0&size=7&status=NOW_SHOWING&sort=createdAt,desc HTTP/1.1" 200 4695 105186
0:0:0:0:0:0:0:1 - - [26/Dec/2025:00:08:21 +0700] "GET /api/v1/showtime/movie/117/date/2025-12-25?page=0&size=5&cityId=1 HTTP/1.1" 200 441 43239
0:0:0:0:0:0:0:1 - - [26/Dec/2025:00:08:21 +0700] "GET /api/v1/movies/search?page=0&size=7&status=NOW_SHOWING&sort=createdAt,desc HTTP/1.1" 200 4695 118791
0:0:0:0:0:0:0:1 - - [26/Dec/2025:00:08:24 +0700] "OPTIONS /api/v1/movies?page=0&size=20 HTTP/1.1" 200 - 916
0:0:0:0:0:0:0:1 - - [26/Dec/2025:00:08:24 +0700] "OPTIONS /api/v1/movies/coming-soon?page=0&size=12 HTTP/1.1" 200 - 637
0:0:0:0:0:0:0:1 - - [26/Dec/2025:00:08:24 +0700] "OPTIONS /api/v1/movies/now-showing?page=0&size=12 HTTP/1.1" 200 - 586
0:0:0:0:0:0:0:1 - - [26/Dec/2025:00:08:24 +0700] "OPTIONS /api/v1/movies/top-rated?page=0&size=10 HTTP/1.1" 200 - 454
0:0:0:0:0:0:0:1 - - [26/Dec/2025:00:08:24 +0700] "OPTIONS /api/v1/movies?page=0&size=20 HTTP/1.1" 200 - 469
0:0:0:0:0:0:0:1 - - [26/Dec/2025:00:08:24 +0700] "OPTIONS /api/v1/movies/now-showing?page=0&size=12 HTTP/1.1" 200 - 757
0:0:0:0:0:0:0:1 - - [26/Dec/2025:00:08:24 +0700] "OPTIONS /api/v1/movies/top-rated?page=0&size=10 HTTP/1.1" 200 - 752
0:0:0:0:0:0:0:1 - - [26/Dec/2025:00:08:24 +0700] "OPTIONS /api/v1/movies/coming-soon?page=0&size=12 HTTP/1.1" 200 - 2874
0:0:0:0:0:0:0:1 - - [26/Dec/2025:00:08:24 +0700] "GET /api/v1/movies/top-rated?page=0&size=10 HTTP/1.1" 404 165 57169
0:0:0:0:0:0:0:1 - - [26/Dec/2025:00:08:24 +0700] "GET /api/v1/movies/top-rated?page=0&size=10 HTTP/1.1" 404 165 17411
0:0:0:0:0:0:0:1 - - [26/Dec/2025:00:08:24 +0700] "GET /api/v1/movies/coming-soon?page=0&size=12 HTTP/1.1" 200 5956 93553
0:0:0:0:0:0:0:1 - - [26/Dec/2025:00:08:24 +0700] "GET /api/v1/movies/now-showing?page=0&size=12 HTTP/1.1" 200 7097 102605
0:0:0:0:0:0:0:1 - - [26/Dec/2025:00:08:24 +0700] "GET /api/v1/movies/coming-soon?page=0&size=12 HTTP/1.1" 200 5956 16102
0:0:0:0:0:0:0:1 - - [26/Dec/2025:00:08:24 +0700] "GET /api/v1/movies/now-showing?page=0&size=12 HTTP/1.1" 200 7097 16544
0:0:0:0:0:0:0:1 - - [26/Dec/2025:00:08:24 +0700] "GET /api/v1/movies?page=0&size=20 HTTP/1.1" 200 11203 144325
0:0:0:0:0:0:0:1 - - [26/Dec/2025:00:08:24 +0700] "GET /api/v1/movies?page=0&size=20 HTTP/1.1" 200 11204 17345
0:0:0:0:0:0:0:1 - - [26/Dec/2025:00:08:31 +0700] "OPTIONS /api/v1/genres HTTP/1.1" 200 - 1038
0:0:0:0:0:0:0:1 - - [26/Dec/2025:00:08:31 +0700] "OPTIONS /api/v1/movies/search?page=0&size=15&sort=id,desc&status=COMING_SOON HTTP/1.1" 200 - 536
0:0:0:0:0:0:0:1 - - [26/Dec/2025:00:08:31 +0700] "OPTIONS /api/v1/genres HTTP/1.1" 200 - 532
0:0:0:0:0:0:0:1 - - [26/Dec/2025:00:08:31 +0700] "OPTIONS /api/v1/movies/search?page=0&size=15&sort=id,desc&status=COMING_SOON HTTP/1.1" 200 - 587
0:0:0:0:0:0:0:1 - - [26/Dec/2025:00:08:31 +0700] "OPTIONS /api/v1/movies/search?page=0&size=15&sort=id,desc&status=COMING_SOON HTTP/1.1" 200 - 543
0:0:0:0:0:0:0:1 - - [26/Dec/2025:00:08:31 +0700] "OPTIONS /api/v1/movies/search?page=0&size=15&sort=id,desc&status=COMING_SOON HTTP/1.1" 200 - 813
0:0:0:0:0:0:0:1 - - [26/Dec/2025:00:08:31 +0700] "GET /api/v1/genres HTTP/1.1" 200 839 28081
0:0:0:0:0:0:0:1 - - [26/Dec/2025:00:08:31 +0700] "GET /api/v1/genres HTTP/1.1" 200 840 17845
0:0:0:0:0:0:0:1 - - [26/Dec/2025:00:08:31 +0700] "GET /api/v1/movies/search?page=0&size=15&sort=id,desc&status=COMING_SOON HTTP/1.1" 200 6204 97022
0:0:0:0:0:0:0:1 - - [26/Dec/2025:00:08:31 +0700] "GET /api/v1/movies/search?page=0&size=15&sort=id,desc&status=COMING_SOON HTTP/1.1" 200 6205 72498
0:0:0:0:0:0:0:1 - - [26/Dec/2025:00:08:31 +0700] "GET /api/v1/movies/search?page=0&size=15&sort=id,desc&status=COMING_SOON HTTP/1.1" 200 6205 74022
0:0:0:0:0:0:0:1 - - [26/Dec/2025:00:08:31 +0700] "GET /api/v1/movies/search?page=0&size=15&sort=id,desc&status=COMING_SOON HTTP/1.1" 200 6205 86648
0:0:0:0:0:0:0:1 - - [26/Dec/2025:00:08:43 +0700] "OPTIONS /api/v1/regions HTTP/1.1" 200 - 917
0:0:0:0:0:0:0:1 - - [26/Dec/2025:00:08:43 +0700] "OPTIONS /api/v1/movies/search?page=0&size=7&status=NOW_SHOWING&sort=createdAt,desc HTTP/1.1" 200 - 529
0:0:0:0:0:0:0:1 - - [26/Dec/2025:00:08:43 +0700] "OPTIONS /api/v1/movies/111 HTTP/1.1" 200 - 1082
0:0:0:0:0:0:0:1 - - [26/Dec/2025:00:08:43 +0700] "OPTIONS /api/v1/regions HTTP/1.1" 200 - 528
0:0:0:0:0:0:0:1 - - [26/Dec/2025:00:08:43 +0700] "OPTIONS /api/v1/movies/search?page=0&size=7&status=NOW_SHOWING&sort=createdAt,desc HTTP/1.1" 200 - 606
0:0:0:0:0:0:0:1 - - [26/Dec/2025:00:08:43 +0700] "OPTIONS /api/v1/movies/111 HTTP/1.1" 200 - 816
0:0:0:0:0:0:0:1 - - [26/Dec/2025:00:08:43 +0700] "GET /api/v1/regions HTTP/1.1" 200 3720 22518
0:0:0:0:0:0:0:1 - - [26/Dec/2025:00:08:43 +0700] "GET /api/v1/movies/111 HTTP/1.1" 200 1562 40902
0:0:0:0:0:0:0:1 - - [26/Dec/2025:00:08:43 +0700] "GET /api/v1/regions HTTP/1.1" 200 3720 18628
0:0:0:0:0:0:0:1 - - [26/Dec/2025:00:08:43 +0700] "GET /api/v1/movies/111 HTTP/1.1" 200 1562 15814
0:0:0:0:0:0:0:1 - - [26/Dec/2025:00:08:43 +0700] "GET /api/v1/movies/search?page=0&size=7&status=NOW_SHOWING&sort=createdAt,desc HTTP/1.1" 200 4695 93269
0:0:0:0:0:0:0:1 - - [26/Dec/2025:00:08:43 +0700] "OPTIONS /api/v1/showtime/movie/111/date/2025-12-25?page=0&size=5&cityId=1 HTTP/1.1" 200 - 1961
0:0:0:0:0:0:0:1 - - [26/Dec/2025:00:08:43 +0700] "GET /api/v1/movies/search?page=0&size=7&status=NOW_SHOWING&sort=createdAt,desc HTTP/1.1" 200 4694 82923
0:0:0:0:0:0:0:1 - - [26/Dec/2025:00:08:43 +0700] "GET /api/v1/showtime/movie/111/date/2025-12-25?page=0&size=5&cityId=1 HTTP/1.1" 200 440 29417
0:0:0:0:0:0:0:1 - - [26/Dec/2025:00:08:43 +0700] "GET /api/v1/movies/search?page=0&size=7&status=NOW_SHOWING&sort=createdAt,desc HTTP/1.1" 200 4695 82375
0:0:0:0:0:0:0:1 - - [26/Dec/2025:00:08:43 +0700] "GET /api/v1/showtime/movie/111/date/2025-12-25?page=0&size=5&cityId=1 HTTP/1.1" 200 441 25579
0:0:0:0:0:0:0:1 - - [26/Dec/2025:22:02:48 +0700] "GET /api/v1/movies/top-rated?page=0&size=10 HTTP/1.1" 404 165 480393
0:0:0:0:0:0:0:1 - - [26/Dec/2025:22:02:48 +0700] "GET /api/v1/movies/top-rated?page=0&size=10 HTTP/1.1" 404 165 30774
0:0:0:0:0:0:0:1 - - [26/Dec/2025:22:02:48 +0700] "GET /api/v1/movies/now-showing?page=0&size=12 HTTP/1.1" 200 7096 541927
0:0:0:0:0:0:0:1 - - [26/Dec/2025:22:02:48 +0700] "GET /api/v1/movies/coming-soon?page=0&size=12 HTTP/1.1" 200 5955 543717
0:0:0:0:0:0:0:1 - - [26/Dec/2025:22:02:48 +0700] "GET /api/v1/movies?page=0&size=20 HTTP/1.1" 200 11204 595547
0:0:0:0:0:0:0:1 - - [26/Dec/2025:22:02:48 +0700] "GET /api/v1/movies/coming-soon?page=0&size=12 HTTP/1.1" 200 5955 78911
0:0:0:0:0:0:0:1 - - [26/Dec/2025:22:02:48 +0700] "GET /api/v1/movies/now-showing?page=0&size=12 HTTP/1.1" 200 7096 79535
0:0:0:0:0:0:0:1 - - [26/Dec/2025:22:02:48 +0700] "GET /api/v1/movies?page=0&size=20 HTTP/1.1" 200 11203 25671
0:0:0:0:0:0:0:1 - - [26/Dec/2025:22:02:54 +0700] "GET /api/v1/regions HTTP/1.1" 200 3720 67014
0:0:0:0:0:0:0:1 - - [26/Dec/2025:22:02:54 +0700] "GET /api/v1/regions HTTP/1.1" 200 3720 16711
0:0:0:0:0:0:0:1 - - [26/Dec/2025:22:02:54 +0700] "GET /api/v1/movies/96 HTTP/1.1" 200 1259 126212
0:0:0:0:0:0:0:1 - - [26/Dec/2025:22:02:54 +0700] "GET /api/v1/movies/96 HTTP/1.1" 200 1259 12415
0:0:0:0:0:0:0:1 - - [26/Dec/2025:22:02:54 +0700] "GET /api/v1/comments/average-rating/96 HTTP/1.1" 500 177 25377
0:0:0:0:0:0:0:1 - - [26/Dec/2025:22:02:54 +0700] "GET /api/v1/comments/movie/96?page=0&size=10&sort=createdAt,desc HTTP/1.1" 500 168 25804
0:0:0:0:0:0:0:1 - - [26/Dec/2025:22:02:54 +0700] "GET /api/v1/movies/search?page=0&size=7&status=NOW_SHOWING&sort=createdAt,desc HTTP/1.1" 200 4695 219783
0:0:0:0:0:0:0:1 - - [26/Dec/2025:22:02:54 +0700] "GET /api/v1/comments/average-rating/96 HTTP/1.1" 500 177 12646
0:0:0:0:0:0:0:1 - - [26/Dec/2025:22:02:54 +0700] "GET /api/v1/comments/movie/96?page=0&size=10&sort=createdAt,desc HTTP/1.1" 500 168 15743
0:0:0:0:0:0:0:1 - - [26/Dec/2025:22:02:54 +0700] "GET /api/v1/showtime/movie/96/date/2025-12-25?page=0&size=5&cityId=1 HTTP/1.1" 200 440 63394
0:0:0:0:0:0:0:1 - - [26/Dec/2025:22:02:54 +0700] "GET /api/v1/showtime/movie/96/date/2025-12-25?page=0&size=5&cityId=1 HTTP/1.1" 200 441 35782
0:0:0:0:0:0:0:1 - - [26/Dec/2025:22:02:54 +0700] "GET /api/v1/movies/search?page=0&size=7&status=NOW_SHOWING&sort=createdAt,desc HTTP/1.1" 200 4695 154664
0:0:0:0:0:0:0:1 - - [26/Dec/2025:22:02:54 +0700] "GET /api/v1/movies/search?page=0&size=7&status=NOW_SHOWING&sort=createdAt,desc HTTP/1.1" 200 4695 129362
0:0:0:0:0:0:0:1 - - [26/Dec/2025:22:03:18 +0700] "OPTIONS /api/v1/auth/google HTTP/1.1" 200 - 2526
0:0:0:0:0:0:0:1 - - [26/Dec/2025:22:03:18 +0700] "POST /api/v1/auth/google HTTP/1.1" 401 163 107518
0:0:0:0:0:0:0:1 - - [26/Dec/2025:22:08:06 +0700] "OPTIONS /api/v1/auth/google HTTP/1.1" 200 - 1518
0:0:0:0:0:0:0:1 - - [26/Dec/2025:22:08:06 +0700] "POST /api/v1/auth/google HTTP/1.1" 401 163 10000
0:0:0:0:0:0:0:1 - - [26/Dec/2025:22:13:22 +0700] "OPTIONS /api/v1/auth/google HTTP/1.1" 200 - 1593
0:0:0:0:0:0:0:1 - - [26/Dec/2025:22:13:22 +0700] "POST /api/v1/auth/google HTTP/1.1" 401 163 9121
0:0:0:0:0:0:0:1 - - [26/Dec/2025:22:15:03 +0700] "OPTIONS /api/v1/auth/google HTTP/1.1" 200 - 1384
0:0:0:0:0:0:0:1 - - [26/Dec/2025:22:15:03 +0700] "POST /api/v1/auth/google HTTP/1.1" 401 163 8641
0:0:0:0:0:0:0:1 - - [26/Dec/2025:22:22:36 +0700] "GET /api/v1/movies/top-rated?page=0&size=10 HTTP/1.1" 404 165 20532
0:0:0:0:0:0:0:1 - - [26/Dec/2025:22:22:36 +0700] "GET /api/v1/movies/top-rated?page=0&size=10 HTTP/1.1" 404 165 13833
0:0:0:0:0:0:0:1 - - [26/Dec/2025:22:22:36 +0700] "GET /api/v1/movies/coming-soon?page=0&size=12 HTTP/1.1" 200 5956 135272
0:0:0:0:0:0:0:1 - - [26/Dec/2025:22:22:36 +0700] "GET /api/v1/movies/coming-soon?page=0&size=12 HTTP/1.1" 200 5956 8803
0:0:0:0:0:0:0:1 - - [26/Dec/2025:22:22:36 +0700] "GET /api/v1/movies/now-showing?page=0&size=12 HTTP/1.1" 200 7096 169604
0:0:0:0:0:0:0:1 - - [26/Dec/2025:22:22:36 +0700] "GET /api/v1/movies/now-showing?page=0&size=12 HTTP/1.1" 200 7097 11331
0:0:0:0:0:0:0:1 - - [26/Dec/2025:22:22:36 +0700] "GET /api/v1/movies?page=0&size=20 HTTP/1.1" 200 11204 255184
0:0:0:0:0:0:0:1 - - [26/Dec/2025:22:22:36 +0700] "GET /api/v1/movies?page=0&size=20 HTTP/1.1" 200 11204 14892
0:0:0:0:0:0:0:1 - - [26/Dec/2025:22:22:49 +0700] "GET /api/v1/movies/now-showing?page=0&size=12 HTTP/1.1" 200 7095 9938
0:0:0:0:0:0:0:1 - - [26/Dec/2025:22:22:49 +0700] "GET /api/v1/movies?page=0&size=20 HTTP/1.1" 200 11202 9988
0:0:0:0:0:0:0:1 - - [26/Dec/2025:22:22:49 +0700] "GET /api/v1/movies/coming-soon?page=0&size=12 HTTP/1.1" 200 5956 12590
0:0:0:0:0:0:0:1 - - [26/Dec/2025:22:22:49 +0700] "GET /api/v1/movies/now-showing?page=0&size=12 HTTP/1.1" 200 7097 7924
0:0:0:0:0:0:0:1 - - [26/Dec/2025:22:22:49 +0700] "GET /api/v1/movies?page=0&size=20 HTTP/1.1" 200 11204 7618
0:0:0:0:0:0:0:1 - - [26/Dec/2025:22:22:49 +0700] "GET /api/v1/movies/top-rated?page=0&size=10 HTTP/1.1" 404 165 21549
0:0:0:0:0:0:0:1 - - [26/Dec/2025:22:22:49 +0700] "GET /api/v1/movies/coming-soon?page=0&size=12 HTTP/1.1" 200 5956 8132
0:0:0:0:0:0:0:1 - - [26/Dec/2025:22:22:49 +0700] "GET /api/v1/movies/top-rated?page=0&size=10 HTTP/1.1" 404 165 12209
0:0:0:0:0:0:0:1 - - [26/Dec/2025:22:23:08 +0700] "POST /api/v1/auth/google HTTP/1.1" 401 163 1063199
0:0:0:0:0:0:0:1 - - [26/Dec/2025:22:23:41 +0700] "POST /api/v1/auth/google HTTP/1.1" 401 163 157847
0:0:0:0:0:0:0:1 - - [26/Dec/2025:22:25:37 +0700] "POST /api/v1/auth/google HTTP/1.1" 401 163 149905
0:0:0:0:0:0:0:1 - - [26/Dec/2025:22:25:37 +0700] "OPTIONS /api/v1/auth/google HTTP/1.1" 200 - 3970
0:0:0:0:0:0:0:1 - - [26/Dec/2025:22:25:37 +0700] "POST /api/v1/auth/google HTTP/1.1" 401 163 6254
0:0:0:0:0:0:0:1 - - [26/Dec/2025:22:51:52 +0700] "OPTIONS /api/v1/auth/google HTTP/1.1" 200 - 112001
0:0:0:0:0:0:0:1 - - [26/Dec/2025:22:51:53 +0700] "POST /api/v1/auth/google HTTP/1.1" 401 163 1180683
0:0:0:0:0:0:0:1 - - [26/Dec/2025:22:56:51 +0700] "OPTIONS /api/v1/auth/google HTTP/1.1" 200 - 147811
0:0:0:0:0:0:0:1 - - [26/Dec/2025:22:56:53 +0700] "POST /api/v1/auth/google HTTP/1.1" 401 163 2249357
0:0:0:0:0:0:0:1 - - [26/Dec/2025:23:01:08 +0700] "OPTIONS /api/v1/auth/google HTTP/1.1" 200 - 129468
0:0:0:0:0:0:0:1 - - [26/Dec/2025:23:01:10 +0700] "POST /api/v1/auth/google HTTP/1.1" 401 163 1803089
0:0:0:0:0:0:0:1 - - [26/Dec/2025:23:06:29 +0700] "OPTIONS /api/v1/auth/google HTTP/1.1" 200 - 138086
0:0:0:0:0:0:0:1 - - [26/Dec/2025:23:06:31 +0700] "POST /api/v1/auth/google HTTP/1.1" 401 163 1563294
0:0:0:0:0:0:0:1 - - [26/Dec/2025:23:14:36 +0700] "OPTIONS /api/v1/auth/google HTTP/1.1" 200 - 131700
0:0:0:0:0:0:0:1 - - [26/Dec/2025:23:14:38 +0700] "POST /api/v1/auth/google HTTP/1.1" 401 163 1740631
0:0:0:0:0:0:0:1 - - [26/Dec/2025:23:21:08 +0700] "OPTIONS /api/v1/auth/google HTTP/1.1" 200 - 117414
0:0:0:0:0:0:0:1 - - [26/Dec/2025:23:21:10 +0700] "POST /api/v1/auth/google HTTP/1.1" 200 1072 2869477
0:0:0:0:0:0:0:1 - - [26/Dec/2025:23:21:11 +0700] "OPTIONS /api/v1/movies?page=0&size=20 HTTP/1.1" 200 - 6667
0:0:0:0:0:0:0:1 - - [26/Dec/2025:23:21:11 +0700] "OPTIONS /api/v1/movies/now-showing?page=0&size=12 HTTP/1.1" 200 - 4673
0:0:0:0:0:0:0:1 - - [26/Dec/2025:23:21:11 +0700] "OPTIONS /api/v1/movies/coming-soon?page=0&size=12 HTTP/1.1" 200 - 6165
0:0:0:0:0:0:0:1 - - [26/Dec/2025:23:21:11 +0700] "OPTIONS /api/v1/movies/top-rated?page=0&size=10 HTTP/1.1" 200 - 15470
0:0:0:0:0:0:0:1 - - [26/Dec/2025:23:21:11 +0700] "OPTIONS /api/v1/movies?page=0&size=20 HTTP/1.1" 200 - 14074
0:0:0:0:0:0:0:1 - - [26/Dec/2025:23:21:11 +0700] "OPTIONS /api/v1/movies/coming-soon?page=0&size=12 HTTP/1.1" 200 - 12129
0:0:0:0:0:0:0:1 - - [26/Dec/2025:23:21:11 +0700] "OPTIONS /api/v1/movies/top-rated?page=0&size=10 HTTP/1.1" 200 - 1811
0:0:0:0:0:0:0:1 - - [26/Dec/2025:23:21:11 +0700] "OPTIONS /api/v1/movies/now-showing?page=0&size=12 HTTP/1.1" 200 - 11285
0:0:0:0:0:0:0:1 - - [26/Dec/2025:23:21:11 +0700] "GET /api/v1/movies/top-rated?page=0&size=10 HTTP/1.1" 404 165 212617
0:0:0:0:0:0:0:1 - - [26/Dec/2025:23:21:11 +0700] "GET /api/v1/movies/top-rated?page=0&size=10 HTTP/1.1" 404 165 52099
0:0:0:0:0:0:0:1 - - [26/Dec/2025:23:21:11 +0700] "GET /api/v1/movies/now-showing?page=0&size=12 HTTP/1.1" 200 7097 416688
0:0:0:0:0:0:0:1 - - [26/Dec/2025:23:21:11 +0700] "GET /api/v1/movies/coming-soon?page=0&size=12 HTTP/1.1" 200 5956 418941
0:0:0:0:0:0:0:1 - - [26/Dec/2025:23:21:11 +0700] "GET /api/v1/movies/coming-soon?page=0&size=12 HTTP/1.1" 200 5956 41309
0:0:0:0:0:0:0:1 - - [26/Dec/2025:23:21:11 +0700] "GET /api/v1/movies/now-showing?page=0&size=12 HTTP/1.1" 200 7097 41368
0:0:0:0:0:0:0:1 - - [26/Dec/2025:23:21:11 +0700] "GET /api/v1/movies?page=0&size=20 HTTP/1.1" 200 11204 489457
0:0:0:0:0:0:0:1 - - [26/Dec/2025:23:21:11 +0700] "GET /api/v1/movies?page=0&size=20 HTTP/1.1" 200 11204 45329
0:0:0:0:0:0:0:1 - - [26/Dec/2025:23:22:06 +0700] "OPTIONS /api/v1/auth/verify HTTP/1.1" 200 - 2312
0:0:0:0:0:0:0:1 - - [26/Dec/2025:23:22:06 +0700] "OPTIONS /api/v1/auth/verify HTTP/1.1" 200 - 1661
0:0:0:0:0:0:0:1 - - [26/Dec/2025:23:22:06 +0700] "OPTIONS /api/v1/auth/verify HTTP/1.1" 200 - 1120
0:0:0:0:0:0:0:1 - - [26/Dec/2025:23:22:06 +0700] "GET /api/v1/auth/verify HTTP/1.1" 200 286 31458
0:0:0:0:0:0:0:1 - - [26/Dec/2025:23:22:06 +0700] "GET /api/v1/auth/verify HTTP/1.1" 200 286 29995
0:0:0:0:0:0:0:1 - - [26/Dec/2025:23:22:06 +0700] "GET /api/v1/auth/verify HTTP/1.1" 200 286 25082
0:0:0:0:0:0:0:1 - - [26/Dec/2025:23:24:10 +0700] "OPTIONS /api/v1/users/profile HTTP/1.1" 200 - 3939
0:0:0:0:0:0:0:1 - - [26/Dec/2025:23:24:10 +0700] "PUT /api/v1/users/profile HTTP/1.1" 500 278 33585
0:0:0:0:0:0:0:1 - - [26/Dec/2025:23:27:43 +0700] "GET /swagger-ui/index.html HTTP/1.1" 200 734 40693
0:0:0:0:0:0:0:1 - - [26/Dec/2025:23:27:43 +0700] "GET /swagger-ui/index.css HTTP/1.1" 200 202 6769
0:0:0:0:0:0:0:1 - - [26/Dec/2025:23:27:43 +0700] "GET /swagger-ui/swagger-ui.css HTTP/1.1" 200 154986 13099
0:0:0:0:0:0:0:1 - - [26/Dec/2025:23:27:43 +0700] "GET /swagger-ui/swagger-ui-standalone-preset.js HTTP/1.1" 200 229223 14622
0:0:0:0:0:0:0:1 - - [26/Dec/2025:23:27:43 +0700] "GET /swagger-ui/swagger-ui-bundle.js HTTP/1.1" 200 1468326 32066
0:0:0:0:0:0:0:1 - - [26/Dec/2025:23:27:43 +0700] "GET /swagger-ui/swagger-initializer.js HTTP/1.1" 200 612 32674
0:0:0:0:0:0:0:1 - - [26/Dec/2025:23:27:43 +0700] "GET /api-docs/swagger-config HTTP/1.1" 200 163 11668
0:0:0:0:0:0:0:1 - - [26/Dec/2025:23:27:43 +0700] "GET /swagger-ui/favicon-32x32.png HTTP/1.1" 200 628 6644
0:0:0:0:0:0:0:1 - - [26/Dec/2025:23:27:47 +0700] "GET /api-docs HTTP/1.1" 200 107889 3614472
0:0:0:0:0:0:0:1 - - [26/Dec/2025:23:33:46 +0700] "OPTIONS /api/v1/users/profile HTTP/1.1" 200 - 273054
0:0:0:0:0:0:0:1 - - [26/Dec/2025:23:33:46 +0700] "PUT /api/v1/users/profile HTTP/1.1" 200 440 553672
0:0:0:0:0:0:0:1 - - [26/Dec/2025:23:33:58 +0700] "OPTIONS /api/v1/auth/verify HTTP/1.1" 200 - 2499
0:0:0:0:0:0:0:1 - - [26/Dec/2025:23:33:58 +0700] "OPTIONS /api/v1/auth/verify HTTP/1.1" 200 - 1671
0:0:0:0:0:0:0:1 - - [26/Dec/2025:23:33:58 +0700] "OPTIONS /api/v1/auth/verify HTTP/1.1" 200 - 1520
0:0:0:0:0:0:0:1 - - [26/Dec/2025:23:33:58 +0700] "GET /api/v1/auth/verify HTTP/1.1" 200 286 59147
0:0:0:0:0:0:0:1 - - [26/Dec/2025:23:33:58 +0700] "GET /api/v1/auth/verify HTTP/1.1" 200 285 36556
0:0:0:0:0:0:0:1 - - [26/Dec/2025:23:33:58 +0700] "GET /api/v1/auth/verify HTTP/1.1" 200 284 38899
0:0:0:0:0:0:0:1 - - [26/Dec/2025:23:34:04 +0700] "OPTIONS /api/v1/bookings/history/user/4?page=0&size=5 HTTP/1.1" 200 - 3349
0:0:0:0:0:0:0:1 - - [26/Dec/2025:23:34:04 +0700] "GET /api/v1/bookings/history/user/4?page=0&size=5 HTTP/1.1" 200 440 71963
0:0:0:0:0:0:0:1 - - [26/Dec/2025:23:58:26 +0700] "OPTIONS /api/v1/auth/verify HTTP/1.1" 200 - 8010
0:0:0:0:0:0:0:1 - - [26/Dec/2025:23:58:26 +0700] "OPTIONS /api/v1/auth/verify HTTP/1.1" 200 - 2448
0:0:0:0:0:0:0:1 - - [26/Dec/2025:23:58:26 +0700] "OPTIONS /api/v1/auth/verify HTTP/1.1" 200 - 6134
0:0:0:0:0:0:0:1 - - [26/Dec/2025:23:58:26 +0700] "GET /api/v1/auth/verify HTTP/1.1" 200 286 33262
0:0:0:0:0:0:0:1 - - [26/Dec/2025:23:58:26 +0700] "GET /api/v1/auth/verify HTTP/1.1" 200 286 23320
0:0:0:0:0:0:0:1 - - [26/Dec/2025:23:58:26 +0700] "GET /api/v1/auth/verify HTTP/1.1" 200 286 20063
0:0:0:0:0:0:0:1 - - [26/Dec/2025:23:58:29 +0700] "GET /api/v1/auth/verify HTTP/1.1" 200 286 51883
0:0:0:0:0:0:0:1 - - [26/Dec/2025:23:58:29 +0700] "GET /api/v1/auth/verify HTTP/1.1" 200 286 41944
0:0:0:0:0:0:0:1 - - [26/Dec/2025:23:58:29 +0700] "GET /api/v1/auth/verify HTTP/1.1" 200 286 40731
0:0:0:0:0:0:0:1 - - [26/Dec/2025:23:58:39 +0700] "OPTIONS /api/v1/auth/verify HTTP/1.1" 200 - 2250
0:0:0:0:0:0:0:1 - - [26/Dec/2025:23:58:39 +0700] "OPTIONS /api/v1/auth/verify HTTP/1.1" 200 - 1562
0:0:0:0:0:0:0:1 - - [26/Dec/2025:23:58:39 +0700] "OPTIONS /api/v1/auth/verify HTTP/1.1" 200 - 1457
0:0:0:0:0:0:0:1 - - [26/Dec/2025:23:58:39 +0700] "GET /api/v1/auth/verify HTTP/1.1" 200 286 47277
0:0:0:0:0:0:0:1 - - [26/Dec/2025:23:58:39 +0700] "GET /api/v1/auth/verify HTTP/1.1" 200 286 33411
0:0:0:0:0:0:0:1 - - [26/Dec/2025:23:58:39 +0700] "GET /api/v1/auth/verify HTTP/1.1" 200 286 42198
0:0:0:0:0:0:0:1 - - [26/Dec/2025:23:58:42 +0700] "GET /api/v1/auth/verify HTTP/1.1" 200 286 26640
0:0:0:0:0:0:0:1 - - [26/Dec/2025:23:58:42 +0700] "GET /api/v1/auth/verify HTTP/1.1" 200 286 34329
0:0:0:0:0:0:0:1 - - [26/Dec/2025:23:58:42 +0700] "GET /api/v1/auth/verify HTTP/1.1" 200 286 27481
0:0:0:0:0:0:0:1 - - [26/Dec/2025:23:58:46 +0700] "OPTIONS /api/v1/auth/verify HTTP/1.1" 200 - 2629
0:0:0:0:0:0:0:1 - - [26/Dec/2025:23:58:46 +0700] "OPTIONS /api/v1/auth/verify HTTP/1.1" 200 - 2803
0:0:0:0:0:0:0:1 - - [26/Dec/2025:23:58:46 +0700] "OPTIONS /api/v1/auth/verify HTTP/1.1" 200 - 2463
0:0:0:0:0:0:0:1 - - [26/Dec/2025:23:58:46 +0700] "GET /api/v1/auth/verify HTTP/1.1" 200 286 21056
0:0:0:0:0:0:0:1 - - [26/Dec/2025:23:58:46 +0700] "GET /api/v1/auth/verify HTTP/1.1" 200 286 20440
0:0:0:0:0:0:0:1 - - [26/Dec/2025:23:58:46 +0700] "GET /api/v1/auth/verify HTTP/1.1" 200 286 18120
0:0:0:0:0:0:0:1 - - [26/Dec/2025:23:58:48 +0700] "GET /api/v1/auth/verify HTTP/1.1" 200 286 23254
0:0:0:0:0:0:0:1 - - [26/Dec/2025:23:58:48 +0700] "GET /api/v1/auth/verify HTTP/1.1" 200 286 23779
0:0:0:0:0:0:0:1 - - [26/Dec/2025:23:58:48 +0700] "GET /api/v1/auth/verify HTTP/1.1" 200 286 21921
