0:0:0:0:0:0:0:1 - - [29/Dec/2025:13:07:13 +0700] "GET /api/v1/bookings?page=0&size=10&sort=id,desc HTTP/1.1" 200 437 422893
0:0:0:0:0:0:0:1 - - [29/Dec/2025:13:07:13 +0700] "GET /api/v1/bookings?page=0&size=10&sort=id,desc HTTP/1.1" 200 437 14326
0:0:0:0:0:0:0:1 - - [29/Dec/2025:13:07:13 +0700] "GET /api/v1/cinemas?page=0&size=100 HTTP/1.1" 200 6069 580048
0:0:0:0:0:0:0:1 - - [29/Dec/2025:13:07:14 +0700] "GET /api/v1/cinemas?page=0&size=100 HTTP/1.1" 200 6069 68107
0:0:0:0:0:0:0:1 - - [29/Dec/2025:13:07:14 +0700] "GET /api/v1/movies?page=0&size=100 HTTP/1.1" 200 55132 1518846
0:0:0:0:0:0:0:1 - - [29/Dec/2025:13:07:14 +0700] "GET /api/v1/movies?page=0&size=100 HTTP/1.1" 200 55132 60222
0:0:0:0:0:0:0:1 - - [29/Dec/2025:13:07:25 +0700] "GET /api/v1/roles/all HTTP/1.1" 200 422 65641
0:0:0:0:0:0:0:1 - - [29/Dec/2025:13:07:25 +0700] "GET /api/v1/users?page=0&size=10&sortBy=id&sortDir=desc HTTP/1.1" 200 1172 72122
0:0:0:0:0:0:0:1 - - [29/Dec/2025:13:07:25 +0700] "GET /api/v1/roles/all HTTP/1.1" 200 422 17472
0:0:0:0:0:0:0:1 - - [29/Dec/2025:13:07:25 +0700] "GET /api/v1/users?page=0&size=10&sortBy=id&sortDir=desc HTTP/1.1" 200 1172 12283
0:0:0:0:0:0:0:1 - - [29/Dec/2025:13:07:26 +0700] "GET /api/v1/cinemas?page=0&size=100 HTTP/1.1" 200 6069 15724
0:0:0:0:0:0:0:1 - - [29/Dec/2025:13:07:26 +0700] "GET /api/v1/movies?page=0&size=100 HTTP/1.1" 200 55132 15925
0:0:0:0:0:0:0:1 - - [29/Dec/2025:13:07:26 +0700] "GET /api/v1/bookings?page=0&size=10&sort=id,desc HTTP/1.1" 200 437 17883
0:0:0:0:0:0:0:1 - - [29/Dec/2025:13:07:26 +0700] "GET /api/v1/cinemas?page=0&size=100 HTTP/1.1" 200 6069 8171
0:0:0:0:0:0:0:1 - - [29/Dec/2025:13:07:26 +0700] "GET /api/v1/movies?page=0&size=100 HTTP/1.1" 200 55132 12455
0:0:0:0:0:0:0:1 - - [29/Dec/2025:13:07:26 +0700] "GET /api/v1/bookings?page=0&size=10&sort=id,desc HTTP/1.1" 200 437 13365
0:0:0:0:0:0:0:1 - - [29/Dec/2025:13:07:27 +0700] "GET /api/v1/roles/all HTTP/1.1" 200 422 22516
0:0:0:0:0:0:0:1 - - [29/Dec/2025:13:07:27 +0700] "GET /api/v1/users?page=0&size=10&sortBy=id&sortDir=desc HTTP/1.1" 200 1172 22500
0:0:0:0:0:0:0:1 - - [29/Dec/2025:13:07:27 +0700] "GET /api/v1/users?page=0&size=10&sortBy=id&sortDir=desc HTTP/1.1" 200 1172 13147
0:0:0:0:0:0:0:1 - - [29/Dec/2025:13:07:27 +0700] "GET /api/v1/roles/all HTTP/1.1" 200 422 16448
0:0:0:0:0:0:0:1 - - [29/Dec/2025:13:07:27 +0700] "GET /api/v1/cinemas?page=0&size=100 HTTP/1.1" 200 6069 8219
0:0:0:0:0:0:0:1 - - [29/Dec/2025:13:07:27 +0700] "GET /api/v1/movies?page=0&size=100 HTTP/1.1" 200 55132 11549
0:0:0:0:0:0:0:1 - - [29/Dec/2025:13:07:27 +0700] "GET /api/v1/bookings?page=0&size=10&sort=id,desc HTTP/1.1" 200 437 12737
0:0:0:0:0:0:0:1 - - [29/Dec/2025:13:07:28 +0700] "GET /api/v1/cinemas?page=0&size=100 HTTP/1.1" 200 6069 10078
0:0:0:0:0:0:0:1 - - [29/Dec/2025:13:07:28 +0700] "GET /api/v1/movies?page=0&size=100 HTTP/1.1" 200 55132 12123
0:0:0:0:0:0:0:1 - - [29/Dec/2025:13:07:28 +0700] "GET /api/v1/bookings?page=0&size=10&sort=id,desc HTTP/1.1" 200 437 11652
0:0:0:0:0:0:0:1 - - [29/Dec/2025:13:07:28 +0700] "GET /api/v1/roles/all HTTP/1.1" 200 421 16915
0:0:0:0:0:0:0:1 - - [29/Dec/2025:13:07:28 +0700] "GET /api/v1/users?page=0&size=10&sortBy=id&sortDir=desc HTTP/1.1" 200 1172 17164
0:0:0:0:0:0:0:1 - - [29/Dec/2025:13:07:28 +0700] "GET /api/v1/users?page=0&size=10&sortBy=id&sortDir=desc HTTP/1.1" 200 1172 15132
0:0:0:0:0:0:0:1 - - [29/Dec/2025:13:07:28 +0700] "GET /api/v1/roles/all HTTP/1.1" 200 422 15329
0:0:0:0:0:0:0:1 - - [29/Dec/2025:13:07:29 +0700] "GET /api/v1/showtime HTTP/1.1" 200 792 67234
0:0:0:0:0:0:0:1 - - [29/Dec/2025:13:07:29 +0700] "GET /api/v1/showtime HTTP/1.1" 200 791 7319
0:0:0:0:0:0:0:1 - - [29/Dec/2025:13:07:29 +0700] "GET /api/v1/showtime HTTP/1.1" 200 791 8537
0:0:0:0:0:0:0:1 - - [29/Dec/2025:13:07:29 +0700] "GET /api/v1/showtime HTTP/1.1" 200 791 5567
0:0:0:0:0:0:0:1 - - [29/Dec/2025:13:07:29 +0700] "GET /api/v1/cinemas HTTP/1.1" 200 6067 107388
0:0:0:0:0:0:0:1 - - [29/Dec/2025:13:07:29 +0700] "GET /api/v1/cinemas HTTP/1.1" 200 6067 8434
0:0:0:0:0:0:0:1 - - [29/Dec/2025:13:07:29 +0700] "GET /api/v1/movies/now-showing HTTP/1.1" 200 6013 128409
0:0:0:0:0:0:0:1 - - [29/Dec/2025:13:07:29 +0700] "GET /api/v1/movies/now-showing HTTP/1.1" 200 6013 6701
0:0:0:0:0:0:0:1 - - [29/Dec/2025:13:07:30 +0700] "GET /api/v1/users?page=0&size=10&sortBy=id&sortDir=desc HTTP/1.1" 200 1171 20497
0:0:0:0:0:0:0:1 - - [29/Dec/2025:13:07:30 +0700] "GET /api/v1/roles/all HTTP/1.1" 200 422 21845
0:0:0:0:0:0:0:1 - - [29/Dec/2025:13:07:30 +0700] "GET /api/v1/roles/all HTTP/1.1" 200 422 13068
0:0:0:0:0:0:0:1 - - [29/Dec/2025:13:07:30 +0700] "GET /api/v1/users?page=0&size=10&sortBy=id&sortDir=desc HTTP/1.1" 200 1172 16371
0:0:0:0:0:0:0:1 - - [29/Dec/2025:13:07:31 +0700] "GET /api/v1/cinemas HTTP/1.1" 200 6067 8002
0:0:0:0:0:0:0:1 - - [29/Dec/2025:13:07:31 +0700] "GET /api/v1/movies/now-showing HTTP/1.1" 200 6013 7909
0:0:0:0:0:0:0:1 - - [29/Dec/2025:13:07:31 +0700] "GET /api/v1/showtime HTTP/1.1" 200 791 8688
0:0:0:0:0:0:0:1 - - [29/Dec/2025:13:07:31 +0700] "GET /api/v1/cinemas HTTP/1.1" 200 6067 7635
0:0:0:0:0:0:0:1 - - [29/Dec/2025:13:07:31 +0700] "GET /api/v1/showtime HTTP/1.1" 200 790 7632
0:0:0:0:0:0:0:1 - - [29/Dec/2025:13:07:31 +0700] "GET /api/v1/movies/now-showing HTTP/1.1" 200 6013 7687
0:0:0:0:0:0:0:1 - - [29/Dec/2025:13:07:31 +0700] "GET /api/v1/showtime HTTP/1.1" 200 791 8818
0:0:0:0:0:0:0:1 - - [29/Dec/2025:13:07:31 +0700] "GET /api/v1/showtime HTTP/1.1" 200 790 6416
0:0:0:0:0:0:0:1 - - [29/Dec/2025:13:07:31 +0700] "GET /api/v1/users?page=0&size=10&sortBy=id&sortDir=desc HTTP/1.1" 200 1172 17772
0:0:0:0:0:0:0:1 - - [29/Dec/2025:13:07:31 +0700] "GET /api/v1/roles/all HTTP/1.1" 200 421 27505
0:0:0:0:0:0:0:1 - - [29/Dec/2025:13:07:31 +0700] "GET /api/v1/users?page=0&size=10&sortBy=id&sortDir=desc HTTP/1.1" 200 1171 15496
0:0:0:0:0:0:0:1 - - [29/Dec/2025:13:07:31 +0700] "GET /api/v1/roles/all HTTP/1.1" 200 422 18024
0:0:0:0:0:0:0:1 - - [29/Dec/2025:13:07:32 +0700] "GET /api/v1/movies/now-showing HTTP/1.1" 200 6013 8489
0:0:0:0:0:0:0:1 - - [29/Dec/2025:13:07:32 +0700] "GET /api/v1/showtime HTTP/1.1" 200 791 8835
0:0:0:0:0:0:0:1 - - [29/Dec/2025:13:07:32 +0700] "GET /api/v1/cinemas HTTP/1.1" 200 6067 8372
0:0:0:0:0:0:0:1 - - [29/Dec/2025:13:07:32 +0700] "GET /api/v1/showtime HTTP/1.1" 200 791 9299
0:0:0:0:0:0:0:1 - - [29/Dec/2025:13:07:32 +0700] "GET /api/v1/movies/now-showing HTTP/1.1" 200 6013 9337
0:0:0:0:0:0:0:1 - - [29/Dec/2025:13:07:32 +0700] "GET /api/v1/cinemas HTTP/1.1" 200 6067 9126
0:0:0:0:0:0:0:1 - - [29/Dec/2025:13:07:32 +0700] "GET /api/v1/showtime HTTP/1.1" 200 791 9666
0:0:0:0:0:0:0:1 - - [29/Dec/2025:13:07:32 +0700] "GET /api/v1/showtime HTTP/1.1" 200 791 6880
0:0:0:0:0:0:0:1 - - [29/Dec/2025:13:07:33 +0700] "GET /api/v1/users?page=0&size=10&sortBy=id&sortDir=desc HTTP/1.1" 200 1172 22340
0:0:0:0:0:0:0:1 - - [29/Dec/2025:13:07:33 +0700] "GET /api/v1/roles/all HTTP/1.1" 200 422 24163
0:0:0:0:0:0:0:1 - - [29/Dec/2025:13:07:33 +0700] "GET /api/v1/users?page=0&size=10&sortBy=id&sortDir=desc HTTP/1.1" 200 1172 11996
0:0:0:0:0:0:0:1 - - [29/Dec/2025:13:07:33 +0700] "GET /api/v1/roles/all HTTP/1.1" 200 422 13004
0:0:0:0:0:0:0:1 - - [29/Dec/2025:13:07:33 +0700] "GET /api/v1/showtime HTTP/1.1" 200 791 8148
0:0:0:0:0:0:0:1 - - [29/Dec/2025:13:07:33 +0700] "GET /api/v1/cinemas HTTP/1.1" 200 6067 9726
0:0:0:0:0:0:0:1 - - [29/Dec/2025:13:07:33 +0700] "GET /api/v1/movies/now-showing HTTP/1.1" 200 6013 13848
0:0:0:0:0:0:0:1 - - [29/Dec/2025:13:07:33 +0700] "GET /api/v1/cinemas HTTP/1.1" 200 6067 9185
0:0:0:0:0:0:0:1 - - [29/Dec/2025:13:07:33 +0700] "GET /api/v1/showtime HTTP/1.1" 200 791 12217
0:0:0:0:0:0:0:1 - - [29/Dec/2025:13:07:33 +0700] "GET /api/v1/movies/now-showing HTTP/1.1" 200 6013 8162
0:0:0:0:0:0:0:1 - - [29/Dec/2025:13:07:33 +0700] "GET /api/v1/showtime HTTP/1.1" 200 791 6298
0:0:0:0:0:0:0:1 - - [29/Dec/2025:13:07:33 +0700] "GET /api/v1/showtime HTTP/1.1" 200 790 6158
0:0:0:0:0:0:0:1 - - [29/Dec/2025:13:07:34 +0700] "GET /api/v1/users?page=0&size=10&sortBy=id&sortDir=desc HTTP/1.1" 200 1172 13418
0:0:0:0:0:0:0:1 - - [29/Dec/2025:13:07:34 +0700] "GET /api/v1/roles/all HTTP/1.1" 200 422 15341
0:0:0:0:0:0:0:1 - - [29/Dec/2025:13:07:34 +0700] "GET /api/v1/users?page=0&size=10&sortBy=id&sortDir=desc HTTP/1.1" 200 1172 15622
0:0:0:0:0:0:0:1 - - [29/Dec/2025:13:07:34 +0700] "GET /api/v1/roles/all HTTP/1.1" 200 422 14791
0:0:0:0:0:0:0:1 - - [29/Dec/2025:13:07:35 +0700] "GET /api/v1/cinemas?page=0&size=100 HTTP/1.1" 200 6069 7649
0:0:0:0:0:0:0:1 - - [29/Dec/2025:13:07:35 +0700] "GET /api/v1/movies?page=0&size=100 HTTP/1.1" 200 55132 10307
0:0:0:0:0:0:0:1 - - [29/Dec/2025:13:07:35 +0700] "GET /api/v1/bookings?page=0&size=10&sort=id,desc HTTP/1.1" 200 437 17706
0:0:0:0:0:0:0:1 - - [29/Dec/2025:13:07:35 +0700] "GET /api/v1/cinemas?page=0&size=100 HTTP/1.1" 200 6069 12828
0:0:0:0:0:0:0:1 - - [29/Dec/2025:13:07:35 +0700] "GET /api/v1/movies?page=0&size=100 HTTP/1.1" 200 55132 12706
0:0:0:0:0:0:0:1 - - [29/Dec/2025:13:07:35 +0700] "GET /api/v1/bookings?page=0&size=10&sort=id,desc HTTP/1.1" 200 437 9938
0:0:0:0:0:0:0:1 - - [29/Dec/2025:14:04:09 +0700] "GET /api/v1/vouchers?page=0&size=10&sort=id,desc HTTP/1.1" 404 151 232307
0:0:0:0:0:0:0:1 - - [29/Dec/2025:14:04:09 +0700] "GET /api/v1/vouchers?page=0&size=10&sort=id,desc HTTP/1.1" 404 151 20671
0:0:0:0:0:0:0:1 - - [29/Dec/2025:14:04:36 +0700] "GET /api/v1/vouchers?page=0&size=10&sort=id,desc HTTP/1.1" 404 151 14362
0:0:0:0:0:0:0:1 - - [29/Dec/2025:14:04:36 +0700] "GET /api/v1/vouchers?page=0&size=10&sort=id,desc HTTP/1.1" 404 151 11251
0:0:0:0:0:0:0:1 - - [29/Dec/2025:14:04:38 +0700] "GET /api/v1/vouchers?page=0&size=10&sort=id,desc HTTP/1.1" 404 151 12008
0:0:0:0:0:0:0:1 - - [29/Dec/2025:14:04:38 +0700] "GET /api/v1/vouchers?page=0&size=10&sort=id,desc HTTP/1.1" 404 151 9537
0:0:0:0:0:0:0:1 - - [29/Dec/2025:14:05:19 +0700] "GET /api/v1/vouchers?page=0&size=10&sort=id,desc HTTP/1.1" 404 151 22983
0:0:0:0:0:0:0:1 - - [29/Dec/2025:14:05:19 +0700] "GET /api/v1/vouchers?page=0&size=10&sort=id,desc HTTP/1.1" 404 151 12392
0:0:0:0:0:0:0:1 - - [29/Dec/2025:14:05:21 +0700] "GET /api/v1/vouchers?page=0&size=10&sort=id,desc HTTP/1.1" 404 151 13127
0:0:0:0:0:0:0:1 - - [29/Dec/2025:14:05:21 +0700] "GET /api/v1/vouchers?page=0&size=10&sort=id,desc HTTP/1.1" 404 151 12503
0:0:0:0:0:0:0:1 - - [29/Dec/2025:14:11:37 +0700] "GET /api/v1/promotions?page=0&size=10&sort=id,desc HTTP/1.1" 500 161 57358
0:0:0:0:0:0:0:1 - - [29/Dec/2025:14:11:37 +0700] "GET /api/v1/promotions?page=0&size=10&sort=id,desc HTTP/1.1" 500 160 8328
0:0:0:0:0:0:0:1 - - [29/Dec/2025:14:18:28 +0700] "GET /api/v1/promotions?page=0&size=10&sort=id,desc HTTP/1.1" 500 160 15242
0:0:0:0:0:0:0:1 - - [29/Dec/2025:14:18:28 +0700] "GET /api/v1/promotions?page=0&size=10&sort=id,desc HTTP/1.1" 500 161 7954
0:0:0:0:0:0:0:1 - - [29/Dec/2025:14:18:56 +0700] "GET /api/v1/promotions/active?page=0&size=10&sort=name,asc HTTP/1.1" 500 168 11791
0:0:0:0:0:0:0:1 - - [29/Dec/2025:14:18:56 +0700] "GET /api/v1/promotions?page=0&size=10&sort=id,desc HTTP/1.1" 500 161 11543
0:0:0:0:0:0:0:1 - - [29/Dec/2025:14:18:56 +0700] "GET /api/v1/promotions?page=0&size=10&sort=id,desc HTTP/1.1" 500 161 9938
0:0:0:0:0:0:0:1 - - [29/Dec/2025:14:18:57 +0700] "GET /api/v1/promotions?page=0&size=10&sort=id,desc HTTP/1.1" 500 161 10430
0:0:0:0:0:0:0:1 - - [29/Dec/2025:14:18:59 +0700] "GET /api/v1/promotions?page=0&size=10&sort=id,desc HTTP/1.1" 500 161 12740
0:0:0:0:0:0:0:1 - - [29/Dec/2025:14:18:59 +0700] "GET /api/v1/promotions?page=0&size=10&sort=id,desc HTTP/1.1" 500 161 7193
0:0:0:0:0:0:0:1 - - [29/Dec/2025:14:20:25 +0700] "GET /api/v1/promotions?page=0&size=10&sort=id,desc HTTP/1.1" 500 160 10769
0:0:0:0:0:0:0:1 - - [29/Dec/2025:14:20:25 +0700] "GET /api/v1/promotions?page=0&size=10&sort=id,desc HTTP/1.1" 500 161 9339
0:0:0:0:0:0:0:1 - - [29/Dec/2025:14:20:25 +0700] "GET /api/v1/promotions?page=0&size=10&sort=id,desc HTTP/1.1" 500 161 6677
0:0:0:0:0:0:0:1 - - [29/Dec/2025:14:20:54 +0700] "GET /api/v1/promotions?page=0&size=10&sort=id,desc HTTP/1.1" 500 161 15090
0:0:0:0:0:0:0:1 - - [29/Dec/2025:14:20:54 +0700] "GET /api/v1/promotions?page=0&size=10&sort=id,desc HTTP/1.1" 500 161 13265
