0:0:0:0:0:0:0:1 - - [23/Dec/2025:15:52:12 +0700] "GET / HTTP/1.1" 500 144 229876
0:0:0:0:0:0:0:1 - - [23/Dec/2025:15:52:12 +0700] "GET /favicon.ico HTTP/1.1" 500 155 16287
0:0:0:0:0:0:0:1 - - [23/Dec/2025:15:52:25 +0700] "GET /swagger/ HTTP/1.1" 500 152 11138
0:0:0:0:0:0:0:1 - - [23/Dec/2025:15:52:25 +0700] "GET /favicon.ico HTTP/1.1" 500 155 9567
0:0:0:0:0:0:0:1 - - [23/Dec/2025:15:52:55 +0700] "GET /swagger-ui.html HTTP/1.1" 302 - 61034
0:0:0:0:0:0:0:1 - - [23/Dec/2025:15:52:55 +0700] "GET /swagger-ui/index.html HTTP/1.1" 200 734 13018
0:0:0:0:0:0:0:1 - - [23/Dec/2025:15:52:55 +0700] "GET /swagger-ui/index.css HTTP/1.1" 200 202 12281
0:0:0:0:0:0:0:1 - - [23/Dec/2025:15:52:55 +0700] "GET /swagger-ui/swagger-ui.css HTTP/1.1" 200 154986 18115
0:0:0:0:0:0:0:1 - - [23/Dec/2025:15:52:55 +0700] "GET /swagger-ui/swagger-ui-standalone-preset.js HTTP/1.1" 200 229223 17222
0:0:0:0:0:0:0:1 - - [23/Dec/2025:15:52:55 +0700] "GET /swagger-ui/swagger-initializer.js HTTP/1.1" 200 612 31115
0:0:0:0:0:0:0:1 - - [23/Dec/2025:15:52:55 +0700] "GET /swagger-ui/swagger-ui-bundle.js HTTP/1.1" 200 1468326 37078
0:0:0:0:0:0:0:1 - - [23/Dec/2025:15:52:55 +0700] "GET /swagger-ui/favicon-32x32.png HTTP/1.1" 200 628 5667
0:0:0:0:0:0:0:1 - - [23/Dec/2025:15:52:55 +0700] "GET /api-docs/swagger-config HTTP/1.1" 200 163 10158
0:0:0:0:0:0:0:1 - - [23/Dec/2025:15:52:58 +0700] "GET /api-docs HTTP/1.1" 200 108039 3095420
0:0:0:0:0:0:0:1 - - [23/Dec/2025:16:10:59 +0700] "GET /swagger-ui/index.html HTTP/1.1" 200 734 10641
0:0:0:0:0:0:0:1 - - [23/Dec/2025:16:10:59 +0700] "GET /swagger-ui/index.css HTTP/1.1" 200 202 6998
0:0:0:0:0:0:0:1 - - [23/Dec/2025:16:10:59 +0700] "GET /swagger-ui/swagger-initializer.js HTTP/1.1" 200 612 7072
0:0:0:0:0:0:0:1 - - [23/Dec/2025:16:10:59 +0700] "GET /swagger-ui/swagger-ui.css HTTP/1.1" 200 154986 9939
0:0:0:0:0:0:0:1 - - [23/Dec/2025:16:10:59 +0700] "GET /swagger-ui/swagger-ui-standalone-preset.js HTTP/1.1" 200 229223 9941
0:0:0:0:0:0:0:1 - - [23/Dec/2025:16:10:59 +0700] "GET /swagger-ui/swagger-ui-bundle.js HTTP/1.1" 200 1468326 22173
0:0:0:0:0:0:0:1 - - [23/Dec/2025:16:11:00 +0700] "GET /api-docs/swagger-config HTTP/1.1" 200 163 7965
0:0:0:0:0:0:0:1 - - [23/Dec/2025:16:11:00 +0700] "GET /api-docs HTTP/1.1" 200 108039 46260
0:0:0:0:0:0:0:1 - - [23/Dec/2025:16:30:16 +0700] "GET /api/v1/movies/coming-soon?size=12 HTTP/1.1" 404 169 510435
0:0:0:0:0:0:0:1 - - [23/Dec/2025:16:30:16 +0700] "GET /api/v1/movies?size=20 HTTP/1.1" 404 145 510971
0:0:0:0:0:0:0:1 - - [23/Dec/2025:16:30:16 +0700] "GET /api/v1/movies/now-showing?size=12 HTTP/1.1" 404 169 512519
0:0:0:0:0:0:0:1 - - [23/Dec/2025:16:30:16 +0700] "GET /api/v1/movies/coming-soon?size=12 HTTP/1.1" 404 169 19808
0:0:0:0:0:0:0:1 - - [23/Dec/2025:16:30:16 +0700] "GET /api/v1/movies?size=20 HTTP/1.1" 404 145 22483
0:0:0:0:0:0:0:1 - - [23/Dec/2025:16:30:16 +0700] "GET /api/v1/movies/now-showing?size=12 HTTP/1.1" 404 169 21960
0:0:0:0:0:0:0:1 - - [23/Dec/2025:16:30:16 +0700] "GET /api/v1/movies/top-rated?size=10 HTTP/1.1" 404 165 558339
0:0:0:0:0:0:0:1 - - [23/Dec/2025:16:30:16 +0700] "GET /api/v1/movies/top-rated?size=10 HTTP/1.1" 404 165 17104
0:0:0:0:0:0:0:1 - - [23/Dec/2025:16:30:23 +0700] "GET /api/v1/movies/top-rated?size=10 HTTP/1.1" 404 165 22300
0:0:0:0:0:0:0:1 - - [23/Dec/2025:16:30:23 +0700] "GET /api/v1/movies/coming-soon?size=12 HTTP/1.1" 404 169 26861
0:0:0:0:0:0:0:1 - - [23/Dec/2025:16:30:23 +0700] "GET /api/v1/movies/now-showing?size=12 HTTP/1.1" 404 169 30856
0:0:0:0:0:0:0:1 - - [23/Dec/2025:16:30:23 +0700] "GET /api/v1/movies?size=20 HTTP/1.1" 404 145 33857
0:0:0:0:0:0:0:1 - - [23/Dec/2025:16:30:23 +0700] "GET /api/v1/movies/coming-soon?size=12 HTTP/1.1" 404 169 25300
0:0:0:0:0:0:0:1 - - [23/Dec/2025:16:30:23 +0700] "GET /api/v1/movies/now-showing?size=12 HTTP/1.1" 404 169 20261
0:0:0:0:0:0:0:1 - - [23/Dec/2025:16:30:23 +0700] "GET /api/v1/movies/top-rated?size=10 HTTP/1.1" 404 165 28018
0:0:0:0:0:0:0:1 - - [23/Dec/2025:16:30:23 +0700] "GET /api/v1/movies?size=20 HTTP/1.1" 404 145 19009
0:0:0:0:0:0:0:1 - - [23/Dec/2025:17:45:35 +0700] "POST /api/v1/movies HTTP/1.1" 404 162 634628
0:0:0:0:0:0:0:1 - - [23/Dec/2025:17:47:48 +0700] "POST /api/v1/movies HTTP/1.1" 201 604 670909
0:0:0:0:0:0:0:1 - - [23/Dec/2025:23:28:51 +0700] "OPTIONS /api/v1/movies HTTP/1.1" 403 31 80408
0:0:0:0:0:0:0:1 - - [23/Dec/2025:23:32:33 +0700] "OPTIONS /api/v1/movies HTTP/1.1" 403 31 107632
0:0:0:0:0:0:0:1 - - [23/Dec/2025:23:33:01 +0700] "OPTIONS /api/v1/movies HTTP/1.1" 403 31 3241
0:0:0:0:0:0:0:1 - - [23/Dec/2025:23:34:45 +0700] "OPTIONS /api/v1/movies HTTP/1.1" 403 31 3018
0:0:0:0:0:0:0:1 - - [23/Dec/2025:23:44:39 +0700] "OPTIONS /api/v1/movies HTTP/1.1" 403 31 5901
0:0:0:0:0:0:0:1 - - [23/Dec/2025:23:48:53 +0700] "OPTIONS /api/v1/movies HTTP/1.1" 403 31 105867
0:0:0:0:0:0:0:1 - - [23/Dec/2025:23:52:27 +0700] "OPTIONS /api/v1/movies HTTP/1.1" 200 - 97281
0:0:0:0:0:0:0:1 - - [23/Dec/2025:23:52:28 +0700] "POST /api/v1/movies HTTP/1.1" 201 925 585379
